./images/Group7/extract00100.jpeg
TypeError: Cannot read property '0' of undefined
You may only perform this action upto maximum 500 number of times within 86400 seconds./images/Group7/extract00100.jpeg
TypeError: Cannot read property '0' of undefined
You may only perform this action upto maximum 500 number of times within 86400 seconds./images/Group7/extract00100.jpeg
TypeError: Cannot read property '0' of undefined
You may only perform this action upto maximum 500 number of times within 86400 seconds./images/Group7/extract00100.jpeg
TypeError: Cannot read property '0' of undefined
You may only perform this action upto maximum 500 number of times within 86400 seconds./images/Group7/extract00100.jpeg
TypeError: Cannot read property '0' of undefined
You may only perform this action upto maximum 500 number of times within 86400 seconds./images/Group7/extract00100.jpeg
TypeError: Cannot read property '0' of undefined
You may only perform this action upto maximum 500 number of times within 86400 seconds./images/Group7/extract00100.jpeg
TypeError: Cannot read property '0' of undefined
You may only perform this action upto maximum 500 number of times within 86400 seconds./images/Group7/extract00100.jpeg
TypeError: Cannot read property '0' of undefined
You may only perform this action upto maximum 500 number of times within 86400 seconds./images/Group7/extract00100.jpeg
TypeError: Cannot read property '0' of undefined
You may only perform this action upto maximum 500 number of times within 86400 seconds./images/Group7/extract00100.jpeg
TypeError: Cannot read property '0' of undefined
You may only perform this action upto maximum 500 number of times within 86400 seconds./images/Group7/extract00100.jpeg
TypeError: Cannot read property '0' of undefined
You may only perform this action upto maximum 500 number of times within 86400 seconds./images/Group7/extract00100.jpeg
TypeError: Cannot read property '0' of undefined
You may only perform this action upto maximum 500 number of times within 86400 seconds./images/Group7/extract00100.jpeg
TypeError: Cannot read property '0' of undefined
You may only perform this action upto maximum 500 number of times within 86400 seconds./images/Group7/extract00100.jpeg
TypeError: Cannot read property '0' of undefined
You may only perform this action upto maximum 500 number of times within 86400 seconds./images/Group7/extract00100.jpeg
TypeError: Cannot read property '0' of undefined
You may only perform this action upto maximum 500 number of times within 86400 seconds./images/Group7/extract00100.jpeg
TypeError: Cannot read property '0' of undefined
You may only perform this action upto maximum 500 number of times within 86400 seconds./images/Group7/extract00100.jpeg
TypeError: Cannot read property '0' of undefined
You may only perform this action upto maximum 500 number of times within 86400 seconds./images/Group7/extract00100.jpeg
TypeError: Cannot read property '0' of undefined
You may only perform this action upto maximum 500 number of times within 86400 seconds./images/Group7/extract00100.jpeg
TypeError: Cannot read property '0' of undefined
You may only perform this action upto maximum 500 number of times within 86400 seconds./images/Group7/extract00100.jpeg
TypeError: Cannot read property '0' of undefined
You may only perform this action upto maximum 500 number of times within 86400 seconds./images/Group7/extract00100.jpeg
TypeError: Cannot read property '0' of undefined
You may only perform this action upto maximum 500 number of times within 86400 seconds./images/Group7/extract00100.jpeg
TypeError: Cannot read property '0' of undefined
You may only perform this action upto maximum 500 number of times within 86400 seconds./images/Group7/extract00100.jpeg
TypeError: Cannot read property '0' of undefined
You may only perform this action upto maximum 500 number of times within 86400 seconds./images/Group7/extract00100.jpeg
TypeError: Cannot read property '0' of undefined
You may only perform this action upto maximum 500 number of times within 86400 seconds./images/Group7/extract00100.jpeg
TypeError: Cannot read property '0' of undefined
You may only perform this action upto maximum 500 number of times within 86400 seconds./images/Group7/extract00100.jpeg
TypeError: Cannot read property '0' of undefined
You may only perform this action upto maximum 500 number of times within 86400 seconds./images/Group7/extract00100.jpeg
TypeError: Cannot read property '0' of undefined
You may only perform this action upto maximum 500 number of times within 86400 seconds./images/Group7/extract00100.jpeg
TypeError: Cannot read property '0' of undefined
You may only perform this action upto maximum 500 number of times within 86400 seconds./images/Group7/extract00100.jpeg
TypeError: Cannot read property '0' of undefined
You may only perform this action upto maximum 500 number of times within 86400 seconds./images/Group7/extract00100.jpeg
TypeError: Cannot read property '0' of undefined
You may only perform this action upto maximum 500 number of times within 86400 seconds./images/Group7/extract00100.jpeg
TypeError: Cannot read property '0' of undefined
You may only perform this action upto maximum 500 number of times within 86400 seconds./images/Group7/extract00100.jpeg
TypeError: Cannot read property '0' of undefined
You may only perform this action upto maximum 500 number of times within 86400 seconds./images/Group7/extract00100.jpeg
TypeError: Cannot read property '0' of undefined
You may only perform this action upto maximum 500 number of times within 86400 seconds./images/Group7/extract00100.jpeg
TypeError: Cannot read property '0' of undefined
You may only perform this action upto maximum 500 number of times within 86400 seconds./images/Group7/extract00100.jpeg
TypeError: Cannot read property '0' of undefined
You may only perform this action upto maximum 500 number of times within 86400 seconds./images/Group7/extract00100.jpeg
TypeError: Cannot read property '0' of undefined
You may only perform this action upto maximum 500 number of times within 86400 seconds./images/Group7/extract00100.jpeg
TypeError: Cannot read property '0' of undefined
You may only perform this action upto maximum 500 number of times within 86400 seconds./images/Group7/extract00100.jpeg
TypeError: Cannot read property '0' of undefined
You may only perform this action upto maximum 500 number of times within 86400 seconds./images/Group7/extract00100.jpeg
TypeError: Cannot read property '0' of undefined
You may only perform this action upto maximum 500 number of times within 86400 seconds./images/Group7/extract00100.jpeg
TypeError: Cannot read property '0' of undefined
You may only perform this action upto maximum 500 number of times within 86400 seconds./images/Group7/extract00100.jpeg
TypeError: Cannot read property '0' of undefined
You may only perform this action upto maximum 500 number of times within 86400 seconds./images/Group7/extract00100.jpeg
TypeError: Cannot read property '0' of undefined
You may only perform this action upto maximum 500 number of times within 86400 seconds./images/Group7/extract00100.jpeg
TypeError: Cannot read property '0' of undefined
You may only perform this action upto maximum 500 number of times within 86400 seconds./images/Group7/extract00100.jpeg
TypeError: Cannot read property '0' of undefined
You may only perform this action upto maximum 500 number of times within 86400 seconds./images/Group7/extract00100.jpeg
TypeError: Cannot read property '0' of undefined
You may only perform this action upto maximum 500 number of times within 86400 seconds./images/Group7/extract00100.jpeg
TypeError: Cannot read property '0' of undefined
You may only perform this action upto maximum 500 number of times within 86400 seconds./images/Group7/extract00100.jpeg
TypeError: Cannot read property '0' of undefined
You may only perform this action upto maximum 500 number of times within 86400 seconds./images/Group7/extract01930.jpeg
TypeError: Cannot read property 'ParsedText' of undefined
[object Object]./images/Group7/extract01999.jpeg
TypeError: Cannot read property 'ParsedText' of undefined
[object Object]./images/Group6/extract00550.jpeg
TypeError: Cannot read property 'ParsedText' of undefined
[object Object]./images/Group6/extract02833.jpeg
TypeError: Cannot read property 'body' of undefined./images/Group6/.DS_Store
TypeError: Cannot read property 'ParsedText' of undefined
[object Object]./images/Group6/.DS_Store
TypeError: Cannot read property 'ParsedText' of undefined
[object Object]./images/Group6/.DS_Store
TypeError: Cannot read property 'ParsedText' of undefined
[object Object]./images/Group6/.DS_Store
TypeError: Cannot read property 'ParsedText' of undefined
[object Object]./images/Group66/.DS_Store
TypeError: Cannot read property 'ParsedText' of undefined
[object Object]./images/Group66/.DS_Store
TypeError: Cannot read property 'ParsedText' of undefined
[object Object]./images/Group66/.DS_Store
TypeError: Cannot read property 'ParsedText' of undefined
[object Object]./images/Group66/.DS_Store
TypeError: Cannot read property 'ParsedText' of undefined
[object Object]./images/Group66/.DS_Store
TypeError: Cannot read property 'ParsedText' of undefined
[object Object]./images/Group66/.DS_Store
TypeError: Cannot read property 'ParsedText' of undefined
[object Object]./images/Group66/.DS_Store
TypeError: Cannot read property 'ParsedText' of undefined
[object Object]./images/Group66/.DS_Store
TypeError: Cannot read property 'ParsedText' of undefined
[object Object]./images/Group66/.DS_Store
TypeError: Cannot read property 'ParsedText' of undefined
[object Object]./images/Group66/.DS_Store
TypeError: Cannot read property 'ParsedText' of undefined
[object Object]./images/Group66/.DS_Store
TypeError: Cannot read property 'ParsedText' of undefined
[object Object]./images/Group66/.DS_Store
TypeError: Cannot read property 'ParsedText' of undefined
[object Object]./images/Group66/.DS_Store
TypeError: Cannot read property 'ParsedText' of undefined
[object Object]./images/Group66/.DS_Store
TypeError: Cannot read property 'ParsedText' of undefined
[object Object]./images/Group66/.DS_Store
TypeError: Cannot read property 'ParsedText' of undefined
[object Object]./images/Group66/.DS_Store
TypeError: Cannot read property 'ParsedText' of undefined
[object Object]./images/Group66/.DS_Store
TypeError: Cannot read property 'ParsedText' of undefined
[object Object]./images/Group66/.DS_Store
TypeError: Cannot read property 'ParsedText' of undefined
[object Object]./images/Group66/.DS_Store
TypeError: Cannot read property 'ParsedText' of undefined
[object Object]./images/Group66/.DS_Store
TypeError: Cannot read property 'ParsedText' of undefined
[object Object]./images/Group5/extract02212.jpeg
TypeError: Cannot read property 'ParsedText' of undefined
[object Object]./images/Group1/.DS_Store
TypeError: Cannot read property 'ParsedText' of undefined
[object Object]./images/Group1/.DS_Store
TypeError: Cannot read property 'ParsedText' of undefined
[object Object]./images/Group1/.DS_Store
TypeError: Cannot read property 'ParsedText' of undefined
[object Object]./images/Group1/.DS_Store
TypeError: Cannot read property 'ParsedText' of undefined
[object Object]./images/Group1/.DS_Store
TypeError: Cannot read property 'ParsedText' of undefined
[object Object]./images/Group1/.DS_Store
TypeError: Cannot read property 'ParsedText' of undefined
[object Object]./images/Group6/extract00040.jpeg
TypeError: Cannot read property 'ParsedText' of undefined
[object Object]./images/Group6/extract00199.jpeg
TypeError: Cannot read property 'ParsedText' of undefined
[object Object]./images/Group6/extract00469.jpeg
TypeError: Cannot read property 'body' of undefined./images/Group6/extract00469.jpeg
TypeError: Cannot read property 'body' of undefined./images/Group6/extract00469.jpeg
TypeError: Cannot read property 'body' of undefined./images/Group6/extract00469.jpeg
TypeError: Cannot read property 'body' of undefined./images/Group6/extract00469.jpeg
TypeError: Cannot read property 'body' of undefined./images/Group6/extract00469.jpeg
TypeError: Cannot read property 'body' of undefined./images/Group6/extract00469.jpeg
TypeError: Cannot read property 'body' of undefined./images/Group6/extract00469.jpeg
TypeError: Cannot read property 'body' of undefined./images/Group6/extract00469.jpeg
TypeError: Cannot read property 'body' of undefined./images/Group6/extract00469.jpeg
TypeError: Cannot read property 'body' of undefined./images/Group6/extract00469.jpeg
TypeError: Cannot read property 'body' of undefined./images/Group6/extract02119.jpeg
TypeError: Cannot read property 'ParsedText' of undefined
[object Object]./images/Group6/extract02863.jpeg
TypeError: Cannot read property 'ParsedText' of undefined
[object Object]./images/Group6/extract03649.jpeg
TypeError: Cannot read property 'ParsedText' of undefined
[object Object]./images/Group6/extract03940.jpeg
TypeError: Cannot read property 'ParsedText' of undefined
[object Object]./images/Group3part2/.DS_Store
TypeError: Cannot read property 'ParsedText' of undefined
[object Object]./images/Group3part2/.DS_Store
TypeError: Cannot read property 'ParsedText' of undefined
[object Object]./images/Group3part2/.DS_Store
TypeError: Cannot read property 'ParsedText' of undefined
[object Object]./images/Group3part2/.DS_Store
TypeError: Cannot read property 'ParsedText' of undefined
[object Object]./images/Group3part2/.DS_Store
TypeError: Cannot read property 'ParsedText' of undefined
[object Object]./images/Group3part2/.DS_Store
TypeError: Cannot read property 'ParsedText' of undefined
[object Object]./images/Group8/extract04720.jpeg
TypeError: Cannot read property 'ParsedText' of undefined
[object Object]./images/Group8/extract06208.jpeg
TypeError: Cannot read property 'ParsedText' of undefined
[object Object]./images/Group8/extract06211.jpeg
TypeError: Cannot read property 'body' of undefined./images/Group8/extract06211.jpeg
SyntaxError: Unexpected token S in JSON at position 0./images/Group8/extract06211.jpeg
SyntaxError: Unexpected token S in JSON at position 0./images/Group8/extract06211.jpeg
TypeError: Cannot read property 'ParsedText' of undefined
[object Object]./images/Group8/extract06445.jpeg
TypeError: Cannot read property 'ParsedText' of undefined
[object Object]./images/Group8/extract06457.jpeg
TypeError: Cannot read property 'ParsedText' of undefined
[object Object]./images/Group9/extract02062.jpeg
TypeError: Cannot read property 'ParsedText' of undefined
[object Object]./images/Group10/extract00190.jpeg
TypeError: Cannot read property 'ParsedText' of undefined
[object Object]./images/Group10/extract00214.jpeg
TypeError: Cannot read property 'ParsedText' of undefined
[object Object]./images/Group10/extract00214.jpeg
TypeError: Cannot read property 'ParsedText' of undefined
[object Object]./images/Group10/extract00220.jpeg
TypeError: Cannot read property 'ParsedText' of undefined
[object Object]./images/Group10/extract00220.jpeg
TypeError: Cannot read property 'ParsedText' of undefined
[object Object]./images/Group10/extract00244.jpeg
TypeError: Cannot read property 'ParsedText' of undefined
[object Object]./images/Group10/extract00253.jpeg
TypeError: Cannot read property 'ParsedText' of undefined
[object Object]./images/Group10/extract00256.jpeg
TypeError: Cannot read property 'ParsedText' of undefined
[object Object]./images/Group10/extract00259.jpeg
TypeError: Cannot read property 'ParsedText' of undefined
[object Object]./images/Group10/extract00424.jpeg
TypeError: Cannot read property 'ParsedText' of undefined
[object Object]./images/Group10/extract03727.jpeg
TypeError: Cannot read property 'ParsedText' of undefined
[object Object]./images/Group10/extract03736.jpeg
TypeError: Cannot read property 'ParsedText' of undefined
[object Object]./images/Group10/extract03739.jpeg
TypeError: Cannot read property 'ParsedText' of undefined
[object Object]./images/Group10/extract03742.jpeg
TypeError: Cannot read property 'ParsedText' of undefined
[object Object]./images/Group10/extract03754.jpeg
TypeError: Cannot read property 'ParsedText' of undefined
[object Object]./images/Group10/extract03775.jpeg
TypeError: Cannot read property 'ParsedText' of undefined
[object Object]./images/Group10/extract03778.jpeg
TypeError: Cannot read property 'ParsedText' of undefined
[object Object]./images/Group10/extract03877.jpeg
TypeError: Cannot read property 'ParsedText' of undefined
[object Object]./images/Group10/extract03931.jpeg
TypeError: Cannot read property 'ParsedText' of undefined
[object Object]./images/Group10/extract03934.jpeg
TypeError: Cannot read property 'ParsedText' of undefined
[object Object]./images/Group10/extract03961.jpeg
TypeError: Cannot read property 'ParsedText' of undefined
[object Object]./images/Group2part2/extract00007.jpeg
TypeError: Cannot read property 'body' of undefined./images/Group2part2/extract00007.jpeg
SyntaxError: Unexpected token S in JSON at position 0./images/Group12/extract02071.jpeg
TypeError: Cannot read property 'ParsedText' of undefined
[object Object]./images/Group13/extract00331.jpeg
TypeError: Cannot read property 'ParsedText' of undefined
[object Object]./images/Group14/extract00877.jpeg
TypeError: Cannot read property 'ParsedText' of undefined
[object Object]./images/Group14/extract00883.jpeg
TypeError: Cannot read property 'ParsedText' of undefined
[object Object]./images/Group14/extract02032.jpeg
TypeError: Cannot read property 'ParsedText' of undefined
[object Object]./images/Group14/extract03433.jpeg
TypeError: Cannot read property 'ParsedText' of undefined
[object Object]./images/Group15/extract00484.jpeg
TypeError: Cannot read property 'ParsedText' of undefined
[object Object]./images/Group15/extract00490.jpeg
TypeError: Cannot read property 'ParsedText' of undefined
[object Object]./images/Group15/extract00766.jpeg
TypeError: Cannot read property 'ParsedText' of undefined
[object Object]./images/Group2part1/extract00337.jpeg
TypeError: Cannot read property 'ParsedText' of undefined
[object Object]./images/Group2part1/extract00682.jpeg
SyntaxError: Unexpected token S in JSON at position 0./images/Group2part1/extract00682.jpeg
SyntaxError: Unexpected token S in JSON at position 0./images/Group2part1/extract00682.jpeg
TypeError: Cannot read property 'ParsedText' of undefined
[object Object]